Microchip MPLAB XC8 Compiler V2.31

Linker command line:

-W-3 --edf=C:\Program Files\Microchip\xc8\v2.31\pic\dat\en_msgs.txt -cn \
  -h+dist/default/production\MCU_PIC.X.production.sym \
  --cmf=dist/default/production\MCU_PIC.X.production.cmf -z -Q16F887 \
  -oC:\Users\noelp\AppData\Local\Temp\s6o0.2 --defsym=__MPLAB_BUILD=1 \
  -Mdist/default/production/MCU_PIC.X.production.map -E1 -ver=XC8 Compiler \
  --acfsm=1493 -ASTACK=0110h-016Fh -pstack=STACK -ACODE=00h-07FFhx4 \
  -ASTRCODE=00h-01FFFh -ASTRING=00h-0FFhx32 -ACONST=00h-0FFhx32 \
  -AENTRY=00h-0FFhx32 -ACOMMON=070h-07Fh -ABANK0=020h-06Fh \
  -ABANK1=0A0h-0EFh -ABANK2=0110h-016Fh -ABANK3=0190h-01EFh \
  -ARAM=020h-06Fh,0A0h-0EFh,0110h-016Fh,0190h-01EFh \
  -AABS1=020h-07Fh,0A0h-0EFh,0110h-016Fh,0190h-01EFh -ASFR0=00h-01Fh \
  -ASFR1=080h-09Fh -ASFR2=0100h-010Fh -ASFR3=0180h-018Fh \
  -ACONFIG=02007h-02008h -DCONFIG=2 -AIDLOC=02000h-02003h -DIDLOC=2 \
  -AEEDATA=00h-0FFh/02100h -peeprom_data=EEDATA -DEEDATA=2 -DCODE=2 \
  -DSTRCODE=2 -DSTRING=2 -DCONST=2 -DENTRY=2 \
  -preset_vec=00h,intentry=04h,init,end_init -ppowerup=CODE -pcinit=CODE \
  -pfunctab=ENTRY -k C:\Users\noelp\AppData\Local\Temp\s6o0.o \
  dist/default/production\MCU_PIC.X.production.o 

Object code version is 3.11

Machine type is 16F887



                Name                               Link     Load   Length Selector   Space Scale
C:\Users\noelp\AppData\Local\Temp\s6o0.o
                end_init                              C        C        3        8       0
                reset_vec                             0        0        3        0       0
                config                             2007     2007        2        0       4
dist/default/production\MCU_PIC.X.production.o
                cinit                                 F        F        E        8       0
                intentry                              4        4        8        8       0
                config                             2007     2007        2        0       4
                text31                             13B9     13B9       11     2772       0
                text30                             1370     1370        D     26E0       0
                text29                             137D     137D        D     26FA       0
                text28                             1335     1335        9     266A       0
                text27                             1399     1399       10     2732       0
                text26                             13A9     13A9       10     2752       0
                text25                             150A     150A       68     2A14       0
                text24                              807      807       73     100E       0
                text23                             1692     1692       B2     2D24       0
                text22                             133E     133E        9     267C       0
                text21                             1347     1347        9     268E       0
                text20                             1350     1350        9     26A0       0
                text19                              7C1      7C1       2C        8       0
                text18                             1364     1364        C     26C8       0
                text17                             14B3     14B3       57     2966       0
                text16                              94F      94F      1DD     129E       0
                text15                             15EE     15EE       A4     2BDC       0
                text14                             1434     1434       29     2868       0
                text13                              460      460      361        8       0
                text12                             1359     1359        B     26B2       0
                text11                              D78      D78      288     1AF0       0
                text10                             13EB     13EB       24     27D6       0
                text9                              1572     1572       7C     2AE4       0
                text8                              1744     1744       BC     2E88       0
                text7                              145D     145D       56     28BA       0
                text6                              140F     140F       25     281E       0
                text5                               7ED      7ED       12        8       0
                text4                               B2C      B2C      24C     1658       0
                text3                               87A      87A       D5     10F4       0
                text2                                1D       1D      443        8       0
                text1                              138A     138A        F     2714       0
                maintext                           13CA     13CA       21     2794       0
                cstackBANK0                          20       20       50       20       1
                cstackCOMMON                         70       70        A       70       1
                cstackBANK1                          A0       A0       3F       A0       1
                cstackBANK3                         190      190        3      190       1
                clrtext                            132D     132D        8     265A       0
                bssBANK1                             DF       DF       11       A0       1
                bssCOMMON                            7A       7A        1       70       1
                strings                            1000     1000       45     2000       0

TOTAL           Name                               Link     Load   Length     Space
        CLASS   STACK          

        CLASS   CODE           
                end_init                              C        C        3         0
                cinit                                 F        F        E         0
                intentry                              4        4        8         0
                reset_vec                             0        0        3         0
                text31                             13B9     13B9       11         0
                text30                             1370     1370        D         0
                text29                             137D     137D        D         0
                text28                             1335     1335        9         0
                text27                             1399     1399       10         0
                text26                             13A9     13A9       10         0
                text25                             150A     150A       68         0
                text24                              807      807       73         0
                text23                             1692     1692       B2         0
                text22                             133E     133E        9         0
                text21                             1347     1347        9         0
                text20                             1350     1350        9         0
                text19                              7C1      7C1       2C         0
                text18                             1364     1364        C         0
                text17                             14B3     14B3       57         0
                text16                              94F      94F      1DD         0
                text15                             15EE     15EE       A4         0
                text14                             1434     1434       29         0
                text13                              460      460      361         0
                text12                             1359     1359        B         0
                text11                              D78      D78      288         0
                text10                             13EB     13EB       24         0
                text9                              1572     1572       7C         0
                text8                              1744     1744       BC         0
                text7                              145D     145D       56         0
                text6                              140F     140F       25         0
                text5                               7ED      7ED       12         0
                text4                               B2C      B2C      24C         0
                text3                               87A      87A       D5         0
                text2                                1D       1D      443         0
                text1                              138A     138A        F         0
                maintext                           13CA     13CA       21         0
                clrtext                            132D     132D        8         0

        CLASS   STRCODE        

        CLASS   STRING         
                strings                            1000     1000       45         0

        CLASS   CONST          

        CLASS   ENTRY          

        CLASS   COMMON         
                cstackCOMMON                         70       70        A         1
                bssCOMMON                            7A       7A        1         1

        CLASS   BANK0          
                cstackBANK0                          20       20       50         1

        CLASS   BANK1          
                cstackBANK1                          A0       A0       3F         1
                bssBANK1                             DF       DF       11         1

        CLASS   BANK2          

        CLASS   BANK3          
                cstackBANK3                         190      190        3         1

        CLASS   RAM            

        CLASS   ABS1           
                abs_s1                               7E       7E        2         1

        CLASS   SFR0           

        CLASS   SFR1           

        CLASS   SFR2           

        CLASS   SFR3           

        CLASS   CONFIG         
                config                             2007     2007        2         4

        CLASS   IDLOC          

        CLASS   EEDATA         



SEGMENTS        Name                           Load    Length   Top    Selector   Space  Class     Delta

                reset_vec                      000000  000003  000003         0       0  CODE        2
                intentry                       000004  0007FB  0007FF         8       0  CODE        2
                cstackBANK0                    000020  000050  000070        20       1  BANK0       1
                cstackCOMMON                   000070  00000B  00007B        70       1  COMMON      1
                cstackBANK1                    0000A0  000050  0000F0        A0       1  BANK1       1
                cstackBANK3                    000190  000003  000193       190       1  BANK3       1
                text24                         000807  000073  00087A      100E       0  CODE        2
                text3                          00087A  0000D5  00094F      10F4       0  CODE        2
                text16                         00094F  0001DD  000B2C      129E       0  CODE        2
                text4                          000B2C  00024C  000D78      1658       0  CODE        2
                text11                         000D78  000288  001000      1AF0       0  CODE        2
                strings                        001000  000045  001045      2000       0  STRING      2
                clrtext                        00132D  000008  001335      265A       0  CODE        2
                text28                         001335  000009  00133E      266A       0  CODE        2
                text22                         00133E  000009  001347      267C       0  CODE        2
                text21                         001347  000009  001350      268E       0  CODE        2
                text20                         001350  000009  001359      26A0       0  CODE        2
                text12                         001359  00000B  001364      26B2       0  CODE        2
                text18                         001364  00000C  001370      26C8       0  CODE        2
                text30                         001370  00000D  00137D      26E0       0  CODE        2
                text29                         00137D  00000D  00138A      26FA       0  CODE        2
                text1                          00138A  00000F  001399      2714       0  CODE        2
                text27                         001399  000010  0013A9      2732       0  CODE        2
                text26                         0013A9  000010  0013B9      2752       0  CODE        2
                text31                         0013B9  000011  0013CA      2772       0  CODE        2
                maintext                       0013CA  000021  0013EB      2794       0  CODE        2
                text10                         0013EB  000024  00140F      27D6       0  CODE        2
                text6                          00140F  000025  001434      281E       0  CODE        2
                text14                         001434  000029  00145D      2868       0  CODE        2
                text7                          00145D  000056  0014B3      28BA       0  CODE        2
                text17                         0014B3  000057  00150A      2966       0  CODE        2
                text25                         00150A  000068  001572      2A14       0  CODE        2
                text9                          001572  00007C  0015EE      2AE4       0  CODE        2
                text15                         0015EE  0000A4  001692      2BDC       0  CODE        2
                text23                         001692  0000B2  001744      2D24       0  CODE        2
                text8                          001744  0000BC  001800      2E88       0  CODE        2


UNUSED ADDRESS RANGES

        Name                Unused          Largest block    Delta
        BANK2            0110-016F             60           1
        BANK3            0193-01EF             5D           1
        CODE             0003-0003              1           2
                         07FF-0806              1
                         1045-132C            2E8
                         1800-1FFF            800
        COMMON           007B-007D              3           1
        CONST            0003-0003              1           2
                         07FF-0806              1
                         1045-132C            100
                         1800-1FFF            100
        EEDATA           2100-21FF            100           2
        ENTRY            0003-0003              1           2
                         07FF-0806              1
                         1045-132C            100
                         1800-1FFF            100
        IDLOC            2000-2003              4           2
        RAM              0110-016F             60           1
                         0193-01EF             5D
        SFR0             0000-001F             20           1
        SFR1             0080-009F             20           1
        SFR2             0100-010F             10           1
        SFR3             0180-018F             10           1
        STACK            0110-016F             60           1
        STRCODE          0003-0003              1           2
                         07FF-0806              8
                         1045-132C            2E8
                         1800-1FFF            800
        STRING           0003-0003              1           2
                         07FF-0806              1
                         1045-132C            100
                         1800-1FFF            100

                                  Symbol Table

?__Umul8_16                        cstackCOMMON 0073
?___fladd                          cstackBANK0  0044
?___fldiv                          cstackBANK0  002A
?___flmul                          cstackBANK0  002A
?___flneg                          cstackCOMMON 0073
?___flsub                          cstackBANK0  0058
?___fltol                          cstackBANK0  0044
?___lldiv                          cstackBANK0  0020
?___llmod                          cstackBANK0  0028
?___wmul                           cstackCOMMON 0073
?___xxtofl                         cstackCOMMON 0073
?_sprintf                          cstackBANK0  0031
GY_read@almacenar1                 cstackBANK1  00CE
GY_read@final                      cstackBANK1  00B2
GY_read@i                          cstackBANK1  00DC
GY_read@impresion                  cstackBANK1  00DE
GY_read@val                        cstackBANK1  00A4
I2C_Master_Write@data              cstackCOMMON 0073
I2C_Read@ACK_NACK                  cstackCOMMON 0074
I2C_Read@Data                      cstackCOMMON 0075
I2C_Start@add                      cstackCOMMON 0074
UARTInit@BRGH                      cstackBANK0  002C
UARTInit@baud_rate                 cstackBANK0  0028
UARTSendChar@c                     cstackCOMMON 0073
UARTSendString@i                   cstackBANK0  0020
UARTSendString@max_length          cstackCOMMON 0076
UARTSendString@str                 cstackCOMMON 0074
_ACKDT                             (abs)        048D
_ACKEN                             (abs)        048C
_ACKSTAT                           (abs)        048E
_ANSEL                             (abs)        0188
_BF                                (abs)        04A0
_GY_init                           text23       1692
_GY_read                           text2        001D
_I2C_ACK                           text21       1347
_I2C_Master_Init                   text30       1370
_I2C_Master_RepeatedStart          text22       133E
_I2C_Master_Stop                   text28       1335
_I2C_Master_Wait                   text29       137D
_I2C_Master_Write                  text27       1399
_I2C_NACK                          text20       1350
_I2C_Read                          text19       07C1
_I2C_Start                         text26       13A9
_INTCONbits                        (abs)        000B
_ISR                               text31       13B9
_PEN                               (abs)        048A
_PIE1bits                          (abs)        008C
_PIR1bits                          (abs)        000C
_PORTA                             (abs)        0005
_PORTAbits                         (abs)        0005
_RCEN                              (abs)        048B
_RCREG                             (abs)        001A
_RCSTAbits                         (abs)        0018
_RSEN                              (abs)        0489
_SEN                               (abs)        0488
_SPBRG                             (abs)        0099
_SSPADD                            (abs)        0093
_SSPBUF                            (abs)        0013
_SSPCON                            (abs)        0014
_SSPCON2                           (abs)        0091
_SSPCON2bits                       (abs)        0091
_SSPIF                             (abs)        0063
_SSPSTAT                           (abs)        0094
_Setup                             text1        138A
_TRISA                             (abs)        0085
_TRISC3                            (abs)        043B
_TRISC4                            (abs)        043C
_TRISCbits                         (abs)        0087
_TXREG                             (abs)        0019
_TXSTAbits                         (abs)        0098
_UARTInit                          text24       0807
_UARTSendChar                      text18       1364
_UARTSendString                    text17       14B3
__Habs1                            abs1         0000
__Hbank0                           bank0        0000
__Hbank1                           bank1        0000
__Hbank2                           bank2        0000
__Hbank3                           bank3        0000
__HbssBANK1                        bssBANK1     0000
__HbssCOMMON                       bssCOMMON    0000
__Hcinit                           cinit        001D
__Hclrtext                         clrtext      0000
__Hcode                            code         0000
__Hcommon                          common       0000
__Hconfig                          config       2009
__HcstackBANK0                     cstackBANK0  0000
__HcstackBANK1                     cstackBANK1  0000
__HcstackBANK3                     cstackBANK3  0000
__HcstackCOMMON                    cstackCOMMON 0000
__Heeprom_data                     eeprom_data  0000
__Hend_init                        end_init     000F
__Hfunctab                         functab      0000
__Hinit                            init         000C
__Hintentry                        intentry     000C
__Hmaintext                        maintext     0000
__Hpowerup                         powerup      0000
__Hram                             ram          0000
__Hreset_vec                       reset_vec    0003
__Hsfr0                            sfr0         0000
__Hsfr1                            sfr1         0000
__Hsfr2                            sfr2         0000
__Hsfr3                            sfr3         0000
__Hspace_0                         (abs)        1800
__Hspace_1                         (abs)        0193
__Hspace_2                         (abs)        0000
__Hspace_3                         (abs)        0000
__Hspace_4                         (abs)        4010
__Hstack                           stack        0000
__Hstrings                         strings      0000
__Htext                            text         0000
__Labs1                            abs1         0000
__Lbank0                           bank0        0000
__Lbank1                           bank1        0000
__Lbank2                           bank2        0000
__Lbank3                           bank3        0000
__LbssBANK1                        bssBANK1     0000
__LbssCOMMON                       bssCOMMON    0000
__Lcinit                           cinit        000F
__Lclrtext                         clrtext      0000
__Lcode                            code         0000
__Lcommon                          common       0000
__Lconfig                          config       0000
__LcstackBANK0                     cstackBANK0  0000
__LcstackBANK1                     cstackBANK1  0000
__LcstackBANK3                     cstackBANK3  0000
__LcstackCOMMON                    cstackCOMMON 0000
__Leeprom_data                     eeprom_data  0000
__Lend_init                        end_init     000C
__Lfunctab                         functab      0000
__Linit                            init         000C
__Lintentry                        intentry     0004
__Lmaintext                        maintext     0000
__Lpowerup                         powerup      0000
__Lram                             ram          0000
__Lreset_vec                       reset_vec    0000
__Lsfr0                            sfr0         0000
__Lsfr1                            sfr1         0000
__Lsfr2                            sfr2         0000
__Lsfr3                            sfr3         0000
__Lspace_0                         (abs)        0000
__Lspace_1                         (abs)        0000
__Lspace_2                         (abs)        0000
__Lspace_3                         (abs)        0000
__Lspace_4                         (abs)        0000
__Lstack                           stack        0000
__Lstrings                         strings      0000
__Ltext                            text         0000
__S0                               (abs)        1800
__S1                               (abs)        0193
__S2                               (abs)        0000
__S3                               (abs)        0000
__Umul8_16                         text14       1434
__Umul8_16@multiplicand            cstackCOMMON 0073
__Umul8_16@multiplier              cstackBANK0  0024
__Umul8_16@product                 cstackBANK0  0020
__Umul8_16@word_mpld               cstackBANK0  0022
___fladd                           text11       0D78
___fladd@a                         cstackBANK0  0048
___fladd@aexp                      cstackBANK0  0055
___fladd@b                         cstackBANK0  0044
___fladd@bexp                      cstackBANK0  0056
___fladd@grs                       cstackBANK0  0057
___fladd@signs                     cstackBANK0  0054
___fldiv                           text16       094F
___fldiv@a                         cstackBANK0  002A
___fldiv@aexp                      cstackBANK0  0043
___fldiv@b                         cstackBANK0  002E
___fldiv@bexp                      cstackBANK0  0042
___fldiv@grs                       cstackBANK0  003E
___fldiv@new_exp                   cstackBANK0  003C
___fldiv@rem                       cstackBANK0  0037
___fldiv@sign                      cstackBANK0  003B
___flge                            text15       15EE
___flge@ff1                        cstackBANK0  0020
___flge@ff2                        cstackBANK0  0024
___flmul                           text13       0460
___flmul@a                         cstackBANK0  002E
___flmul@aexp                      cstackBANK0  003C
___flmul@b                         cstackBANK0  002A
___flmul@bexp                      cstackBANK0  003D
___flmul@grs                       cstackBANK0  0038
___flmul@prod                      cstackBANK0  003E
___flmul@sign                      cstackBANK0  0037
___flmul@temp                      cstackBANK0  0042
___flneg                           text12       1359
___flneg@f1                        cstackCOMMON 0073
___flsub                           text10       13EB
___flsub@a                         cstackBANK0  0058
___flsub@b                         cstackBANK0  005C
___fltol                           text9        1572
___fltol@exp1                      cstackCOMMON 0078
___fltol@f1                        cstackBANK0  0044
___fltol@sign1                     cstackCOMMON 0077
___int_sp                          stack        0000
___latbits                         (abs)        0002
___lldiv                           text25       150A
___lldiv@counter                   cstackCOMMON 0078
___lldiv@dividend                  cstackBANK0  0024
___lldiv@divisor                   cstackBANK0  0020
___lldiv@quotient                  cstackCOMMON 0074
___llmod                           text7        145D
___llmod@counter                   cstackBANK0  0030
___llmod@dividend                  cstackBANK0  002C
___llmod@divisor                   cstackBANK0  0028
___sp                              stack        0000
___stackhi                         (abs)        0000
___stacklo                         (abs)        0000
___wmul                            text6        140F
___wmul@multiplicand               cstackCOMMON 0075
___wmul@multiplier                 cstackCOMMON 0073
___wmul@product                    cstackCOMMON 0077
___xxtofl                          text8        1744
___xxtofl@arg                      cstackBANK0  0026
___xxtofl@exp                      cstackBANK0  0025
___xxtofl@sign                     cstackBANK0  0024
___xxtofl@val                      cstackCOMMON 0073
__end_of_GY_init                   text23       1744
__end_of_GY_read                   text2        0460
__end_of_I2C_ACK                   text21       1350
__end_of_I2C_Master_Init           text30       137D
__end_of_I2C_Master_RepeatedStart  text22       1347
__end_of_I2C_Master_Stop           text28       133E
__end_of_I2C_Master_Wait           text29       138A
__end_of_I2C_Master_Write          text27       13A9
__end_of_I2C_NACK                  text20       1359
__end_of_I2C_Read                  text19       07ED
__end_of_I2C_Start                 text26       13B9
__end_of_ISR                       text31       13CA
__end_of_Setup                     text1        1399
__end_of_UARTInit                  text24       087A
__end_of_UARTSendChar              text18       1370
__end_of_UARTSendString            text17       150A
__end_of__Umul8_16                 text14       145D
__end_of___fladd                   text11       1000
__end_of___fldiv                   text16       0B2C
__end_of___flge                    text15       1692
__end_of___flmul                   text13       07C1
__end_of___flneg                   text12       1364
__end_of___flsub                   text10       140F
__end_of___fltol                   text9        15EE
__end_of___lldiv                   text25       1572
__end_of___llmod                   text7        14B3
__end_of___wmul                    text6        1434
__end_of___xxtofl                  text8        1800
__end_of__initialization           cinit        0019
__end_of__stringtab                strings      1010
__end_of_dpowers                   strings      1038
__end_of_ftoa                      text3        094F
__end_of_isdigit                   text5        07FF
__end_of_main                      maintext     13EB
__end_of_sprintf                   text4        0D78
__initialization                   cinit        000F
__pbssBANK1                        bssBANK1     00DF
__pbssCOMMON                       bssCOMMON    007A
__pcstackBANK0                     cstackBANK0  0020
__pcstackBANK1                     cstackBANK1  00A0
__pcstackBANK3                     cstackBANK3  0190
__pcstackCOMMON                    cstackCOMMON 0070
__pintentry                        intentry     0004
__pmaintext                        maintext     13CA
__pstrings                         strings      1000
__ptext1                           text1        138A
__ptext10                          text10       13EB
__ptext11                          text11       0D78
__ptext12                          text12       1359
__ptext13                          text13       0460
__ptext14                          text14       1434
__ptext15                          text15       15EE
__ptext16                          text16       094F
__ptext17                          text17       14B3
__ptext18                          text18       1364
__ptext19                          text19       07C1
__ptext2                           text2        001D
__ptext20                          text20       1350
__ptext21                          text21       1347
__ptext22                          text22       133E
__ptext23                          text23       1692
__ptext24                          text24       0807
__ptext25                          text25       150A
__ptext26                          text26       13A9
__ptext27                          text27       1399
__ptext28                          text28       1335
__ptext29                          text29       137D
__ptext3                           text3        087A
__ptext30                          text30       1370
__ptext31                          text31       13B9
__ptext4                           text4        0B2C
__ptext5                           text5        07ED
__ptext6                           text6        140F
__ptext7                           text7        145D
__ptext8                           text8        1744
__ptext9                           text9        1572
__size_of_GY_init                  (abs)        0000
__size_of_GY_read                  (abs)        0000
__size_of_I2C_ACK                  (abs)        0000
__size_of_I2C_Master_Init          (abs)        0000
__size_of_I2C_Master_RepeatedStart (abs)        0000
__size_of_I2C_Master_Stop          (abs)        0000
__size_of_I2C_Master_Wait          (abs)        0000
__size_of_I2C_Master_Write         (abs)        0000
__size_of_I2C_NACK                 (abs)        0000
__size_of_I2C_Read                 (abs)        0000
__size_of_I2C_Start                (abs)        0000
__size_of_ISR                      (abs)        0000
__size_of_Setup                    (abs)        0000
__size_of_UARTInit                 (abs)        0000
__size_of_UARTSendChar             (abs)        0000
__size_of_UARTSendString           (abs)        0000
__size_of__Umul8_16                (abs)        0000
__size_of___fladd                  (abs)        0000
__size_of___fldiv                  (abs)        0000
__size_of___flge                   (abs)        0000
__size_of___flmul                  (abs)        0000
__size_of___flneg                  (abs)        0000
__size_of___flsub                  (abs)        0000
__size_of___fltol                  (abs)        0000
__size_of___lldiv                  (abs)        0000
__size_of___llmod                  (abs)        0000
__size_of___wmul                   (abs)        0000
__size_of___xxtofl                 (abs)        0000
__size_of_ftoa                     (abs)        0000
__size_of_isdigit                  (abs)        0000
__size_of_main                     (abs)        0000
__size_of_sprintf                  (abs)        0000
__stringbase                       strings      100F
__stringtab                        strings      1000
_dpowers                           strings      1010
_entrada                           bssCOMMON    007A
_ftoa                              text3        087A
_isdigit                           text5        07ED
_isdigit$907                       cstackCOMMON 0073
_main                              maintext     13CA
_sprintf                           text4        0B2C
btemp                              (abs)        007E
clear_ram0                         clrtext      132D
end_of_initialization              cinit        0019
ftoa@buf                           bssBANK1     00DF
ftoa@cp                            cstackBANK0  006F
ftoa@f                             cstackBANK0  0060
ftoa@l                             cstackBANK0  006B
ftoa@rem                           cstackBANK0  0067
ftoa@status                        cstackBANK0  0064
interrupt_function                 intentry     0004
intlevel0                          functab      0000
intlevel1                          functab      0000
intlevel2                          functab      0000
intlevel3                          functab      0000
intlevel4                          functab      0000
intlevel5                          functab      0000
isdigit@c                          cstackCOMMON 0074
reset_vec                          reset_vec    0000
saved_w                            (abs)        007E
sprintf@ap                         cstackBANK0  0040
sprintf@c                          cstackBANK0  004A
sprintf@f                          cstackBANK0  0031
sprintf@flag                       cstackBANK0  003F
sprintf@prec                       cstackBANK0  0048
sprintf@sp                         cstackBANK0  0045
sprintf@val                        cstackBANK0  0041
sprintf@width                      cstackBANK0  0046
start                              init         000C
start_initialization               cinit        000F
wtemp0                             (abs)        007E


FUNCTION INFORMATION:

 *************** function _main *****************
 Defined at:
		line 69 in file "main.c"
 Parameters:    Size  Location     Type
		None
 Auto vars:     Size  Location     Type
		None
 Return value:  Size  Location     Type
                  1    wreg      void 
 Registers used:
		wreg, fsr0l, fsr0h, status,2, status,0, btemp+1, pclath, cstack
 Tracked objects:
		On entry : 
		On exit  : 
		Unchanged: 
 Data sizes:     COMMON   BANK0   BANK1   BANK3   BANK2
      Params:         0       0       0       0       0
      Locals:         0       0       0       0       0
      Temps:          0       0       0       3       0
      Totals:         0       0       0       3       0
Total ram usage:        3 bytes
 Hardware stack levels required when called:    5
 This function calls:
		_GY_init
		_GY_read
		_Setup
 This function is called by:
		Startup code after reset
 This function uses a non-reentrant model


 *************** function _Setup *****************
 Defined at:
		line 86 in file "main.c"
 Parameters:    Size  Location     Type
		None
 Auto vars:     Size  Location     Type
		None
 Return value:  Size  Location     Type
                  1    wreg      void 
 Registers used:
		status,2
 Tracked objects:
		On entry : 
		On exit  : 
		Unchanged: 
 Data sizes:     COMMON   BANK0   BANK1   BANK3   BANK2
      Params:         0       0       0       0       0
      Locals:         0       0       0       0       0
      Temps:          0       0       0       0       0
      Totals:         0       0       0       0       0
Total ram usage:        0 bytes
 Hardware stack levels used:    1
 Hardware stack levels required when called:    1
 This function calls:
		Nothing
 This function is called by:
		_main
 This function uses a non-reentrant model


 *************** function _GY_read *****************
 Defined at:
		line 65 in file "GY-521.c"
 Parameters:    Size  Location     Type
		None
 Auto vars:     Size  Location     Type
  i               2   60[BANK1 ] int 
  final          28   18[BANK1 ] float [7]
  val            14    4[BANK1 ] unsigned char [14]
  almacenar1     14   46[BANK1 ] int [7]
  impresion       1   62[BANK1 ] PTR unsigned char 
		 -> ftoa@buf(17), 
 Return value:  Size  Location     Type
                  1    wreg      void 
 Registers used:
		wreg, fsr0l, fsr0h, status,2, status,0, btemp+1, pclath, cstack
 Tracked objects:
		On entry : 
		On exit  : 
		Unchanged: 
 Data sizes:     COMMON   BANK0   BANK1   BANK3   BANK2
      Params:         0       0       0       0       0
      Locals:         0       0      59       0       0
      Temps:          0       0       4       0       0
      Totals:         0       0      63       0       0
Total ram usage:       63 bytes
 Hardware stack levels used:    1
 Hardware stack levels required when called:    4
 This function calls:
		_I2C_Master_RepeatedStart
		_I2C_Master_Stop
		_I2C_Master_Write
		_I2C_Read
		_I2C_Start
		_UARTSendChar
		_UARTSendString
		___fladd
		___fldiv
		___flmul
		___xxtofl
		_ftoa
 This function is called by:
		_main
 This function uses a non-reentrant model


 *************** function _ftoa *****************
 Defined at:
		line 6 in file "C:\Program Files\Microchip\xc8\v2.31\pic\sources\c90\common\ftoa.c"
 Parameters:    Size  Location     Type
  f               4   64[BANK0 ] float 
  status          2   68[BANK0 ] PTR int 
		 -> RAM(512), 
 Auto vars:     Size  Location     Type
  l               4   75[BANK0 ] unsigned long 
  rem             4   71[BANK0 ] unsigned long 
  cp              1   79[BANK0 ] PTR unsigned char 
		 -> ftoa@buf(17), 
 Return value:  Size  Location     Type
                  1    wreg      PTR unsigned char 
 Registers used:
		wreg, fsr0l, fsr0h, status,2, status,0, btemp+1, pclath, cstack
 Tracked objects:
		On entry : 
		On exit  : 
		Unchanged: 
 Data sizes:     COMMON   BANK0   BANK1   BANK3   BANK2
      Params:         0       6       0       0       0
      Locals:         0       9       0       0       0
      Temps:          0       1       0       0       0
      Totals:         0      16       0       0       0
Total ram usage:       16 bytes
 Hardware stack levels used:    1
 Hardware stack levels required when called:    3
 This function calls:
		___flge
		___flmul
		___flneg
		___flsub
		___fltol
		___xxtofl
		_sprintf
 This function is called by:
		_GY_read
 This function uses a non-reentrant model


 *************** function _sprintf *****************
 Defined at:
		line 505 in file "C:\Program Files\Microchip\xc8\v2.31\pic\sources\c90\common\doprnt.c"
 Parameters:    Size  Location     Type
  sp              1    wreg     PTR unsigned char 
		 -> ftoa@buf(17), 
  f               1   17[BANK0 ] PTR const unsigned char 
		 -> STR_7(11), 
 Auto vars:     Size  Location     Type
  sp              1   37[BANK0 ] PTR unsigned char 
		 -> ftoa@buf(17), 
  val             4   33[BANK0 ] unsigned long 
  tmpval          4    0        struct .
  prec            2   40[BANK0 ] int 
  width           2   38[BANK0 ] int 
  cp              2    0        PTR const unsigned char 
  len             2    0        unsigned int 
  c               1   42[BANK0 ] unsigned char 
  ap              1   32[BANK0 ] PTR void [1]
		 -> ?_sprintf(2), 
  flag            1   31[BANK0 ] unsigned char 
 Return value:  Size  Location     Type
                  2   17[BANK0 ] int 
 Registers used:
		wreg, fsr0l, fsr0h, status,2, status,0, pclath, cstack
 Tracked objects:
		On entry : 
		On exit  : 
		Unchanged: 
 Data sizes:     COMMON   BANK0   BANK1   BANK3   BANK2
      Params:         0       9       0       0       0
      Locals:         0      12       0       0       0
      Temps:          0       5       0       0       0
      Totals:         0      26       0       0       0
Total ram usage:       26 bytes
 Hardware stack levels used:    1
 Hardware stack levels required when called:    2
 This function calls:
		___lldiv
		___llmod
		___wmul
		_isdigit
 This function is called by:
		_ftoa
 This function uses a non-reentrant model


 *************** function _isdigit *****************
 Defined at:
		line 8 in file "C:\Program Files\Microchip\xc8\v2.31\pic\sources\c90\common\isdigit.c"
 Parameters:    Size  Location     Type
  c               1    wreg     unsigned char 
 Auto vars:     Size  Location     Type
  c               1    4[COMMON] unsigned char 
 Return value:  Size  Location     Type
		None               void
 Registers used:
		wreg, status,2, status,0
 Tracked objects:
		On entry : 
		On exit  : 
		Unchanged: 
 Data sizes:     COMMON   BANK0   BANK1   BANK3   BANK2
      Params:         0       0       0       0       0
      Locals:         2       0       0       0       0
      Temps:          0       0       0       0       0
      Totals:         2       0       0       0       0
Total ram usage:        2 bytes
 Hardware stack levels used:    1
 Hardware stack levels required when called:    1
 This function calls:
		Nothing
 This function is called by:
		_sprintf
 This function uses a non-reentrant model


 *************** function ___wmul *****************
 Defined at:
		line 15 in file "C:\Program Files\Microchip\xc8\v2.31\pic\sources\c90\common\Umul16.c"
 Parameters:    Size  Location     Type
  multiplier      2    3[COMMON] unsigned int 
  multiplicand    2    5[COMMON] unsigned int 
 Auto vars:     Size  Location     Type
  product         2    7[COMMON] unsigned int 
 Return value:  Size  Location     Type
                  2    3[COMMON] unsigned int 
 Registers used:
		wreg, status,2, status,0
 Tracked objects:
		On entry : 
		On exit  : 
		Unchanged: 
 Data sizes:     COMMON   BANK0   BANK1   BANK3   BANK2
      Params:         4       0       0       0       0
      Locals:         2       0       0       0       0
      Temps:          0       0       0       0       0
      Totals:         6       0       0       0       0
Total ram usage:        6 bytes
 Hardware stack levels used:    1
 Hardware stack levels required when called:    1
 This function calls:
		Nothing
 This function is called by:
		_sprintf
 This function uses a non-reentrant model


 *************** function ___llmod *****************
 Defined at:
		line 5 in file "C:\Program Files\Microchip\xc8\v2.31\pic\sources\c90\common\llmod.c"
 Parameters:    Size  Location     Type
  divisor         4    8[BANK0 ] unsigned long 
  dividend        4   12[BANK0 ] unsigned long 
 Auto vars:     Size  Location     Type
  counter         1   16[BANK0 ] unsigned char 
 Return value:  Size  Location     Type
                  4    8[BANK0 ] unsigned long 
 Registers used:
		wreg, status,2, status,0
 Tracked objects:
		On entry : 
		On exit  : 
		Unchanged: 
 Data sizes:     COMMON   BANK0   BANK1   BANK3   BANK2
      Params:         0       8       0       0       0
      Locals:         0       1       0       0       0
      Temps:          1       0       0       0       0
      Totals:         1       9       0       0       0
Total ram usage:       10 bytes
 Hardware stack levels used:    1
 Hardware stack levels required when called:    1
 This function calls:
		Nothing
 This function is called by:
		_sprintf
 This function uses a non-reentrant model


 *************** function ___xxtofl *****************
 Defined at:
		line 10 in file "C:\Program Files\Microchip\xc8\v2.31\pic\sources\c90\common\xxtofl.c"
 Parameters:    Size  Location     Type
  sign            1    wreg     unsigned char 
  val             4    3[COMMON] long 
 Auto vars:     Size  Location     Type
  sign            1    4[BANK0 ] unsigned char 
  arg             4    6[BANK0 ] unsigned long 
  exp             1    5[BANK0 ] unsigned char 
 Return value:  Size  Location     Type
                  4    3[COMMON] unsigned char 
 Registers used:
		wreg, status,2, status,0
 Tracked objects:
		On entry : 
		On exit  : 
		Unchanged: 
 Data sizes:     COMMON   BANK0   BANK1   BANK3   BANK2
      Params:         4       0       0       0       0
      Locals:         0       6       0       0       0
      Temps:          0       4       0       0       0
      Totals:         4      10       0       0       0
Total ram usage:       14 bytes
 Hardware stack levels used:    1
 Hardware stack levels required when called:    1
 This function calls:
		Nothing
 This function is called by:
		_GY_read
		_ftoa
 This function uses a non-reentrant model


 *************** function ___fltol *****************
 Defined at:
		line 43 in file "C:\Program Files\Microchip\xc8\v2.31\pic\sources\c90\common\fltol.c"
 Parameters:    Size  Location     Type
  f1              4   36[BANK0 ] unsigned char 
 Auto vars:     Size  Location     Type
  exp1            1    8[COMMON] unsigned char 
  sign1           1    7[COMMON] unsigned char 
 Return value:  Size  Location     Type
                  4   36[BANK0 ] long 
 Registers used:
		wreg, status,2, status,0
 Tracked objects:
		On entry : 
		On exit  : 
		Unchanged: 
 Data sizes:     COMMON   BANK0   BANK1   BANK3   BANK2
      Params:         0       4       0       0       0
      Locals:         2       0       0       0       0
      Temps:          0       5       0       0       0
      Totals:         2       9       0       0       0
Total ram usage:       11 bytes
 Hardware stack levels used:    1
 Hardware stack levels required when called:    1
 This function calls:
		Nothing
 This function is called by:
		_ftoa
 This function uses a non-reentrant model


 *************** function ___flsub *****************
 Defined at:
		line 242 in file "C:\Program Files\Microchip\xc8\v2.31\pic\sources\c90\common\sprcadd.c"
 Parameters:    Size  Location     Type
  a               4   56[BANK0 ] long 
  b               4   60[BANK0 ] long 
 Auto vars:     Size  Location     Type
		None
 Return value:  Size  Location     Type
                  4   56[BANK0 ] long 
 Registers used:
		wreg, status,2, status,0, btemp+1, pclath, cstack
 Tracked objects:
		On entry : 
		On exit  : 
		Unchanged: 
 Data sizes:     COMMON   BANK0   BANK1   BANK3   BANK2
      Params:         0       8       0       0       0
      Locals:         0       0       0       0       0
      Temps:          0       0       0       0       0
      Totals:         0       8       0       0       0
Total ram usage:        8 bytes
 Hardware stack levels used:    1
 Hardware stack levels required when called:    2
 This function calls:
		___fladd
 This function is called by:
		_ftoa
 This function uses a non-reentrant model


 *************** function ___fladd *****************
 Defined at:
		line 10 in file "C:\Program Files\Microchip\xc8\v2.31\pic\sources\c90\common\sprcadd.c"
 Parameters:    Size  Location     Type
  b               4   36[BANK0 ] long 
  a               4   40[BANK0 ] long 
 Auto vars:     Size  Location     Type
  grs             1   55[BANK0 ] unsigned char 
  bexp            1   54[BANK0 ] unsigned char 
  aexp            1   53[BANK0 ] unsigned char 
  signs           1   52[BANK0 ] unsigned char 
 Return value:  Size  Location     Type
                  4   36[BANK0 ] unsigned char 
 Registers used:
		wreg, status,2, status,0, btemp+1
 Tracked objects:
		On entry : 
		On exit  : 
		Unchanged: 
 Data sizes:     COMMON   BANK0   BANK1   BANK3   BANK2
      Params:         0       8       0       0       0
      Locals:         0       4       0       0       0
      Temps:          0       8       0       0       0
      Totals:         0      20       0       0       0
Total ram usage:       20 bytes
 Hardware stack levels used:    1
 Hardware stack levels required when called:    1
 This function calls:
		Nothing
 This function is called by:
		_GY_read
		___flsub
 This function uses a non-reentrant model


 *************** function ___flneg *****************
 Defined at:
		line 15 in file "C:\Program Files\Microchip\xc8\v2.31\pic\sources\c90\common\flneg.c"
 Parameters:    Size  Location     Type
  f1              4    3[COMMON] unsigned char 
 Auto vars:     Size  Location     Type
		None
 Return value:  Size  Location     Type
                  4    3[COMMON] unsigned char 
 Registers used:
		wreg
 Tracked objects:
		On entry : 
		On exit  : 
		Unchanged: 
 Data sizes:     COMMON   BANK0   BANK1   BANK3   BANK2
      Params:         4       0       0       0       0
      Locals:         0       0       0       0       0
      Temps:          0       0       0       0       0
      Totals:         4       0       0       0       0
Total ram usage:        4 bytes
 Hardware stack levels used:    1
 Hardware stack levels required when called:    1
 This function calls:
		Nothing
 This function is called by:
		_ftoa
 This function uses a non-reentrant model


 *************** function ___flmul *****************
 Defined at:
		line 8 in file "C:\Program Files\Microchip\xc8\v2.31\pic\sources\c90\common\sprcmul.c"
 Parameters:    Size  Location     Type
  b               4   10[BANK0 ] unsigned char 
  a               4   14[BANK0 ] unsigned char 
 Auto vars:     Size  Location     Type
  prod            4   30[BANK0 ] struct .
  grs             4   24[BANK0 ] unsigned long 
  temp            2   34[BANK0 ] struct .
  bexp            1   29[BANK0 ] unsigned char 
  aexp            1   28[BANK0 ] unsigned char 
  sign            1   23[BANK0 ] unsigned char 
 Return value:  Size  Location     Type
                  4   10[BANK0 ] unsigned char 
 Registers used:
		wreg, status,2, status,0, btemp+1, pclath, cstack
 Tracked objects:
		On entry : 
		On exit  : 
		Unchanged: 
 Data sizes:     COMMON   BANK0   BANK1   BANK3   BANK2
      Params:         0       8       0       0       0
      Locals:         0      13       0       0       0
      Temps:          0       5       0       0       0
      Totals:         0      26       0       0       0
Total ram usage:       26 bytes
 Hardware stack levels used:    1
 Hardware stack levels required when called:    2
 This function calls:
		__Umul8_16
 This function is called by:
		_GY_read
		_ftoa
 This function uses a non-reentrant model


 *************** function __Umul8_16 *****************
 Defined at:
		line 4 in file "C:\Program Files\Microchip\xc8\v2.31\pic\sources\c90\common\Umul8_16.c"
 Parameters:    Size  Location     Type
  multiplier      1    wreg     unsigned char 
  multiplicand    1    3[COMMON] unsigned char 
 Auto vars:     Size  Location     Type
  multiplier      1    4[BANK0 ] unsigned char 
  word_mpld       2    2[BANK0 ] unsigned int 
  product         2    0[BANK0 ] unsigned int 
 Return value:  Size  Location     Type
                  2    3[COMMON] unsigned int 
 Registers used:
		wreg, status,2, status,0
 Tracked objects:
		On entry : 
		On exit  : 
		Unchanged: 
 Data sizes:     COMMON   BANK0   BANK1   BANK3   BANK2
      Params:         2       0       0       0       0
      Locals:         0       5       0       0       0
      Temps:          2       0       0       0       0
      Totals:         4       5       0       0       0
Total ram usage:        9 bytes
 Hardware stack levels used:    1
 Hardware stack levels required when called:    1
 This function calls:
		Nothing
 This function is called by:
		___flmul
 This function uses a non-reentrant model


 *************** function ___flge *****************
 Defined at:
		line 4 in file "C:\Program Files\Microchip\xc8\v2.31\pic\sources\c90\common\flge.c"
 Parameters:    Size  Location     Type
  ff1             4    0[BANK0 ] unsigned int 
  ff2             4    4[BANK0 ] unsigned int 
 Auto vars:     Size  Location     Type
		None
 Return value:  Size  Location     Type
		None               void
 Registers used:
		wreg, status,2, status,0
 Tracked objects:
		On entry : 
		On exit  : 
		Unchanged: 
 Data sizes:     COMMON   BANK0   BANK1   BANK3   BANK2
      Params:         0       8       0       0       0
      Locals:         0       0       0       0       0
      Temps:          4       0       0       0       0
      Totals:         4       8       0       0       0
Total ram usage:       12 bytes
 Hardware stack levels used:    1
 Hardware stack levels required when called:    1
 This function calls:
		Nothing
 This function is called by:
		_ftoa
 This function uses a non-reentrant model


 *************** function ___fldiv *****************
 Defined at:
		line 8 in file "C:\Program Files\Microchip\xc8\v2.31\pic\sources\c90\common\sprcdiv.c"
 Parameters:    Size  Location     Type
  a               4   10[BANK0 ] unsigned int 
  b               4   14[BANK0 ] unsigned int 
 Auto vars:     Size  Location     Type
  grs             4   30[BANK0 ] unsigned long 
  rem             4   23[BANK0 ] unsigned long 
  new_exp         2   28[BANK0 ] int 
  aexp            1   35[BANK0 ] unsigned char 
  bexp            1   34[BANK0 ] unsigned char 
  sign            1   27[BANK0 ] unsigned char 
 Return value:  Size  Location     Type
                  4   10[BANK0 ] unsigned char 
 Registers used:
		wreg, status,2, status,0, btemp+1
 Tracked objects:
		On entry : 
		On exit  : 
		Unchanged: 
 Data sizes:     COMMON   BANK0   BANK1   BANK3   BANK2
      Params:         0       8       0       0       0
      Locals:         0      13       0       0       0
      Temps:          0       5       0       0       0
      Totals:         0      26       0       0       0
Total ram usage:       26 bytes
 Hardware stack levels used:    1
 Hardware stack levels required when called:    1
 This function calls:
		Nothing
 This function is called by:
		_GY_read
 This function uses a non-reentrant model


 *************** function _UARTSendString *****************
 Defined at:
		line 50 in file "UART.c"
 Parameters:    Size  Location     Type
  str             2    4[COMMON] PTR const unsigned char 
		 -> ftoa@buf(17), STR_6(2), STR_5(2), STR_4(2), 
		 -> STR_3(2), STR_2(2), STR_1(2), 
  max_length      1    6[COMMON] const unsigned char 
 Auto vars:     Size  Location     Type
  i               2    0[BANK0 ] int 
 Return value:  Size  Location     Type
                  1    wreg      void 
 Registers used:
		wreg, fsr0l, fsr0h, status,2, status,0, btemp+1, pclath, cstack
 Tracked objects:
		On entry : 
		On exit  : 
		Unchanged: 
 Data sizes:     COMMON   BANK0   BANK1   BANK3   BANK2
      Params:         3       0       0       0       0
      Locals:         0       2       0       0       0
      Temps:          3       0       0       0       0
      Totals:         6       2       0       0       0
Total ram usage:        8 bytes
 Hardware stack levels used:    1
 Hardware stack levels required when called:    2
 This function calls:
		_UARTSendChar
 This function is called by:
		_GY_read
 This function uses a non-reentrant model


 *************** function _UARTSendChar *****************
 Defined at:
		line 40 in file "UART.c"
 Parameters:    Size  Location     Type
  c               1    wreg     const unsigned char 
 Auto vars:     Size  Location     Type
  c               1    3[COMMON] const unsigned char 
 Return value:  Size  Location     Type
                  1    wreg      void 
 Registers used:
		wreg
 Tracked objects:
		On entry : 
		On exit  : 
		Unchanged: 
 Data sizes:     COMMON   BANK0   BANK1   BANK3   BANK2
      Params:         0       0       0       0       0
      Locals:         1       0       0       0       0
      Temps:          0       0       0       0       0
      Totals:         1       0       0       0       0
Total ram usage:        1 bytes
 Hardware stack levels used:    1
 Hardware stack levels required when called:    1
 This function calls:
		Nothing
 This function is called by:
		_UARTSendString
		_GY_read
 This function uses a non-reentrant model


 *************** function _I2C_Read *****************
 Defined at:
		line 84 in file "I2C.c"
 Parameters:    Size  Location     Type
  ACK_NACK        1    wreg     unsigned char 
 Auto vars:     Size  Location     Type
  ACK_NACK        1    4[COMMON] unsigned char 
  Data            1    5[COMMON] unsigned char 
 Return value:  Size  Location     Type
                  1    wreg      unsigned char 
 Registers used:
		wreg, status,2, status,0, pclath, cstack
 Tracked objects:
		On entry : 
		On exit  : 
		Unchanged: 
 Data sizes:     COMMON   BANK0   BANK1   BANK3   BANK2
      Params:         0       0       0       0       0
      Locals:         2       0       0       0       0
      Temps:          1       0       0       0       0
      Totals:         3       0       0       0       0
Total ram usage:        3 bytes
 Hardware stack levels used:    1
 Hardware stack levels required when called:    2
 This function calls:
		_I2C_ACK
		_I2C_Master_Wait
		_I2C_NACK
 This function is called by:
		_GY_read
 This function uses a non-reentrant model


 *************** function _I2C_NACK *****************
 Defined at:
		line 57 in file "I2C.c"
 Parameters:    Size  Location     Type
		None
 Auto vars:     Size  Location     Type
		None
 Return value:  Size  Location     Type
                  1    wreg      void 
 Registers used:
		None
 Tracked objects:
		On entry : 
		On exit  : 
		Unchanged: 
 Data sizes:     COMMON   BANK0   BANK1   BANK3   BANK2
      Params:         0       0       0       0       0
      Locals:         0       0       0       0       0
      Temps:          0       0       0       0       0
      Totals:         0       0       0       0       0
Total ram usage:        0 bytes
 Hardware stack levels used:    1
 Hardware stack levels required when called:    1
 This function calls:
		Nothing
 This function is called by:
		_I2C_Read
 This function uses a non-reentrant model


 *************** function _I2C_ACK *****************
 Defined at:
		line 50 in file "I2C.c"
 Parameters:    Size  Location     Type
		None
 Auto vars:     Size  Location     Type
		None
 Return value:  Size  Location     Type
                  1    wreg      void 
 Registers used:
		None
 Tracked objects:
		On entry : 
		On exit  : 
		Unchanged: 
 Data sizes:     COMMON   BANK0   BANK1   BANK3   BANK2
      Params:         0       0       0       0       0
      Locals:         0       0       0       0       0
      Temps:          0       0       0       0       0
      Totals:         0       0       0       0       0
Total ram usage:        0 bytes
 Hardware stack levels used:    1
 Hardware stack levels required when called:    1
 This function calls:
		Nothing
 This function is called by:
		_I2C_Read
 This function uses a non-reentrant model


 *************** function _I2C_Master_RepeatedStart *****************
 Defined at:
		line 38 in file "I2C.c"
 Parameters:    Size  Location     Type
		None
 Auto vars:     Size  Location     Type
		None
 Return value:  Size  Location     Type
                  1    wreg      void 
 Registers used:
		wreg, status,2, status,0, pclath, cstack
 Tracked objects:
		On entry : 
		On exit  : 
		Unchanged: 
 Data sizes:     COMMON   BANK0   BANK1   BANK3   BANK2
      Params:         0       0       0       0       0
      Locals:         0       0       0       0       0
      Temps:          0       0       0       0       0
      Totals:         0       0       0       0       0
Total ram usage:        0 bytes
 Hardware stack levels used:    1
 Hardware stack levels required when called:    2
 This function calls:
		_I2C_Master_Wait
 This function is called by:
		_GY_read
 This function uses a non-reentrant model


 *************** function _GY_init *****************
 Defined at:
		line 14 in file "GY-521.c"
 Parameters:    Size  Location     Type
		None
 Auto vars:     Size  Location     Type
		None
 Return value:  Size  Location     Type
                  1    wreg      void 
 Registers used:
		wreg, status,2, status,0, pclath, cstack
 Tracked objects:
		On entry : 
		On exit  : 
		Unchanged: 
 Data sizes:     COMMON   BANK0   BANK1   BANK3   BANK2
      Params:         0       0       0       0       0
      Locals:         0       0       0       0       0
      Temps:          0       0       0       0       0
      Totals:         0       0       0       0       0
Total ram usage:        0 bytes
 Hardware stack levels used:    1
 Hardware stack levels required when called:    4
 This function calls:
		_I2C_Master_Init
		_I2C_Master_Stop
		_I2C_Master_Write
		_I2C_Start
		_UARTInit
 This function is called by:
		_main
 This function uses a non-reentrant model


 *************** function _UARTInit *****************
 Defined at:
		line 9 in file "UART.c"
 Parameters:    Size  Location     Type
  baud_rate       4    8[BANK0 ] const unsigned long 
  BRGH            1   12[BANK0 ] const unsigned char 
 Auto vars:     Size  Location     Type
		None
 Return value:  Size  Location     Type
                  1    wreg      void 
 Registers used:
		wreg, status,2, status,0, pclath, cstack
 Tracked objects:
		On entry : 
		On exit  : 
		Unchanged: 
 Data sizes:     COMMON   BANK0   BANK1   BANK3   BANK2
      Params:         0       5       0       0       0
      Locals:         0       0       0       0       0
      Temps:          0       4       0       0       0
      Totals:         0       9       0       0       0
Total ram usage:        9 bytes
 Hardware stack levels used:    1
 Hardware stack levels required when called:    2
 This function calls:
		___lldiv
 This function is called by:
		_GY_init
 This function uses a non-reentrant model


 *************** function ___lldiv *****************
 Defined at:
		line 5 in file "C:\Program Files\Microchip\xc8\v2.31\pic\sources\c90\common\__lldiv.c"
 Parameters:    Size  Location     Type
  divisor         4    0[BANK0 ] unsigned long 
  dividend        4    4[BANK0 ] unsigned long 
 Auto vars:     Size  Location     Type
  quotient        4    4[COMMON] unsigned long 
  counter         1    8[COMMON] unsigned char 
 Return value:  Size  Location     Type
                  4    0[BANK0 ] unsigned long 
 Registers used:
		wreg, status,2, status,0
 Tracked objects:
		On entry : 
		On exit  : 
		Unchanged: 
 Data sizes:     COMMON   BANK0   BANK1   BANK3   BANK2
      Params:         0       8       0       0       0
      Locals:         5       0       0       0       0
      Temps:          1       0       0       0       0
      Totals:         6       8       0       0       0
Total ram usage:       14 bytes
 Hardware stack levels used:    1
 Hardware stack levels required when called:    1
 This function calls:
		Nothing
 This function is called by:
		_UARTInit
		_sprintf
 This function uses a non-reentrant model


 *************** function _I2C_Start *****************
 Defined at:
		line 31 in file "I2C.c"
 Parameters:    Size  Location     Type
  add             1    wreg     unsigned char 
 Auto vars:     Size  Location     Type
  add             1    4[COMMON] unsigned char 
 Return value:  Size  Location     Type
                  1    wreg      void 
 Registers used:
		wreg, status,2, status,0, pclath, cstack
 Tracked objects:
		On entry : 
		On exit  : 
		Unchanged: 
 Data sizes:     COMMON   BANK0   BANK1   BANK3   BANK2
      Params:         0       0       0       0       0
      Locals:         1       0       0       0       0
      Temps:          0       0       0       0       0
      Totals:         1       0       0       0       0
Total ram usage:        1 bytes
 Hardware stack levels used:    1
 Hardware stack levels required when called:    3
 This function calls:
		_I2C_Master_Wait
		_I2C_Master_Write
 This function is called by:
		_GY_init
		_GY_read
 This function uses a non-reentrant model


 *************** function _I2C_Master_Write *****************
 Defined at:
		line 64 in file "I2C.c"
 Parameters:    Size  Location     Type
  data            1    wreg     unsigned char 
 Auto vars:     Size  Location     Type
  data            1    3[COMMON] unsigned char 
 Return value:  Size  Location     Type
                  1    wreg      unsigned char 
 Registers used:
		wreg, status,2, status,0, pclath, cstack
 Tracked objects:
		On entry : 
		On exit  : 
		Unchanged: 
 Data sizes:     COMMON   BANK0   BANK1   BANK3   BANK2
      Params:         0       0       0       0       0
      Locals:         1       0       0       0       0
      Temps:          0       0       0       0       0
      Totals:         1       0       0       0       0
Total ram usage:        1 bytes
 Hardware stack levels used:    1
 Hardware stack levels required when called:    2
 This function calls:
		_I2C_Master_Wait
 This function is called by:
		_I2C_Start
		_GY_init
		_GY_read
 This function uses a non-reentrant model


 *************** function _I2C_Master_Stop *****************
 Defined at:
		line 44 in file "I2C.c"
 Parameters:    Size  Location     Type
		None
 Auto vars:     Size  Location     Type
		None
 Return value:  Size  Location     Type
                  1    wreg      void 
 Registers used:
		wreg, status,2, status,0, pclath, cstack
 Tracked objects:
		On entry : 
		On exit  : 
		Unchanged: 
 Data sizes:     COMMON   BANK0   BANK1   BANK3   BANK2
      Params:         0       0       0       0       0
      Locals:         0       0       0       0       0
      Temps:          0       0       0       0       0
      Totals:         0       0       0       0       0
Total ram usage:        0 bytes
 Hardware stack levels used:    1
 Hardware stack levels required when called:    2
 This function calls:
		_I2C_Master_Wait
 This function is called by:
		_GY_init
		_GY_read
 This function uses a non-reentrant model


 *************** function _I2C_Master_Wait *****************
 Defined at:
		line 20 in file "I2C.c"
 Parameters:    Size  Location     Type
		None
 Auto vars:     Size  Location     Type
		None
 Return value:  Size  Location     Type
                  1    wreg      void 
 Registers used:
		wreg, status,2
 Tracked objects:
		On entry : 
		On exit  : 
		Unchanged: 
 Data sizes:     COMMON   BANK0   BANK1   BANK3   BANK2
      Params:         0       0       0       0       0
      Locals:         0       0       0       0       0
      Temps:          0       0       0       0       0
      Totals:         0       0       0       0       0
Total ram usage:        0 bytes
 Hardware stack levels used:    1
 Hardware stack levels required when called:    1
 This function calls:
		Nothing
 This function is called by:
		_I2C_Start
		_I2C_Master_RepeatedStart
		_I2C_Master_Stop
		_I2C_Master_Write
		_I2C_Read
		_I2C_Master_Start
		_I2C_Read_Byte
 This function uses a non-reentrant model


 *************** function _I2C_Master_Init *****************
 Defined at:
		line 10 in file "I2C.c"
 Parameters:    Size  Location     Type
		None
 Auto vars:     Size  Location     Type
		None
 Return value:  Size  Location     Type
                  1    wreg      void 
 Registers used:
		wreg, status,2
 Tracked objects:
		On entry : 
		On exit  : 
		Unchanged: 
 Data sizes:     COMMON   BANK0   BANK1   BANK3   BANK2
      Params:         0       0       0       0       0
      Locals:         0       0       0       0       0
      Temps:          0       0       0       0       0
      Totals:         0       0       0       0       0
Total ram usage:        0 bytes
 Hardware stack levels used:    1
 Hardware stack levels required when called:    1
 This function calls:
		Nothing
 This function is called by:
		_GY_init
 This function uses a non-reentrant model


 *************** function _ISR *****************
 Defined at:
		line 50 in file "main.c"
 Parameters:    Size  Location     Type
		None
 Auto vars:     Size  Location     Type
		None
 Return value:  Size  Location     Type
                  1    wreg      void 
 Registers used:
		wreg
 Tracked objects:
		On entry : 
		On exit  : 
		Unchanged: 
 Data sizes:     COMMON   BANK0   BANK1   BANK3   BANK2
      Params:         0       0       0       0       0
      Locals:         0       0       0       0       0
      Temps:          3       0       0       0       0
      Totals:         3       0       0       0       0
Total ram usage:        3 bytes
 Hardware stack levels used:    1
 This function calls:
		Nothing
 This function is called by:
		Interrupt level 1
 This function uses a non-reentrant model



MODULE INFORMATION

Module		Function		Class		Link	Load	Size
C:\Program Files\Microchip\xc8\v2.31\pic\sources\c90\common\flneg.c
		___flneg       		CODE           	1359	0000	11

C:\Program Files\Microchip\xc8\v2.31\pic\sources\c90\common\flneg.c estimated size: 11

C:\Program Files\Microchip\xc8\v2.31\pic\sources\c90\common\flge.c
		___flge        		CODE           	15EE	0000	164

C:\Program Files\Microchip\xc8\v2.31\pic\sources\c90\common\flge.c estimated size: 164

C:\Program Files\Microchip\xc8\v2.31\pic\sources\c90\common\sprcmul.c
		___flmul       		CODE           	0460	0000	865

C:\Program Files\Microchip\xc8\v2.31\pic\sources\c90\common\sprcmul.c estimated size: 865

C:\Program Files\Microchip\xc8\v2.31\pic\sources\c90\common\ftoa.c
		_ftoa          		CODE           	087A	0000	213

C:\Program Files\Microchip\xc8\v2.31\pic\sources\c90\common\ftoa.c estimated size: 213

C:\Program Files\Microchip\xc8\v2.31\pic\sources\c90\common\__lldiv.c
		___lldiv       		CODE           	150A	0000	104

C:\Program Files\Microchip\xc8\v2.31\pic\sources\c90\common\__lldiv.c estimated size: 104

C:\Program Files\Microchip\xc8\v2.31\pic\sources\c90\common\sprcdiv.c
		___fldiv       		CODE           	094F	0000	477

C:\Program Files\Microchip\xc8\v2.31\pic\sources\c90\common\sprcdiv.c estimated size: 477

UART.c
		_UARTSendString		CODE           	14B3	0000	87
		_UARTInit      		CODE           	0807	0000	115
		_UARTSendChar  		CODE           	1364	0000	12

UART.c estimated size: 214

C:\Program Files\Microchip\xc8\v2.31\pic\sources\c90\common\Umul8_16.c
		__Umul8_16     		CODE           	1434	0000	41

C:\Program Files\Microchip\xc8\v2.31\pic\sources\c90\common\Umul8_16.c estimated size: 41

C:\Program Files\Microchip\xc8\v2.31\pic\sources\c90\common\doprnt.c
		_sprintf       		CODE           	0B2C	0000	588

C:\Program Files\Microchip\xc8\v2.31\pic\sources\c90\common\doprnt.c estimated size: 588

GY-521.c
		_GY_read       		CODE           	001D	0000	1091
		_GY_init       		CODE           	1692	0000	178

GY-521.c estimated size: 1269

C:\Program Files\Microchip\xc8\v2.31\pic\sources\c90\common\Umul16.c
		___wmul        		CODE           	140F	0000	37

C:\Program Files\Microchip\xc8\v2.31\pic\sources\c90\common\Umul16.c estimated size: 37

I2C.c
		_I2C_Master_Wait		CODE           	137D	0000	13
		_I2C_Master_Init		CODE           	1370	0000	13
		_I2C_Master_Stop		CODE           	1335	0000	9
		_I2C_Master_RepeatedStart		CODE           	133E	0000	9
		_I2C_Read      		CODE           	07C1	0000	44
		_I2C_ACK       		CODE           	1347	0000	9
		_I2C_Master_Write		CODE           	1399	0000	16
		_I2C_NACK      		CODE           	1350	0000	9
		_I2C_Start     		CODE           	13A9	0000	16

I2C.c estimated size: 138

C:\Program Files\Microchip\xc8\v2.31\pic\sources\c90\common\llmod.c
		___llmod       		CODE           	145D	0000	86

C:\Program Files\Microchip\xc8\v2.31\pic\sources\c90\common\llmod.c estimated size: 86

C:\Program Files\Microchip\xc8\v2.31\pic\sources\c90\common\isdigit.c
		_isdigit       		CODE           	07ED	0000	18

C:\Program Files\Microchip\xc8\v2.31\pic\sources\c90\common\isdigit.c estimated size: 18

C:\Program Files\Microchip\xc8\v2.31\pic\sources\c90\common\sprcadd.c
		___flsub       		CODE           	13EB	0000	36
		___fladd       		CODE           	0D78	0000	648

C:\Program Files\Microchip\xc8\v2.31\pic\sources\c90\common\sprcadd.c estimated size: 684

shared
		__stringtab    		STRING         	1000	0000	16
		_dpowers       		STRING         	1010	0000	40
		__initialization		CODE           	000F	0000	10

shared estimated size: 66

C:\Program Files\Microchip\xc8\v2.31\pic\sources\c90\common\fltol.c
		___fltol       		CODE           	1572	0000	124

C:\Program Files\Microchip\xc8\v2.31\pic\sources\c90\common\fltol.c estimated size: 124

C:\Program Files\Microchip\xc8\v2.31\pic\sources\c90\common\xxtofl.c
		___xxtofl      		CODE           	1744	0000	188

C:\Program Files\Microchip\xc8\v2.31\pic\sources\c90\common\xxtofl.c estimated size: 188

main.c
		_ISR           		CODE           	13B9	0000	17
		_main          		CODE           	13CA	0000	33
		_Setup         		CODE           	138A	0000	15

main.c estimated size: 65

